#-----------------------------------------------------------
# Webtalk v2018.2 (64-bit)
# SW Build 2258646 on Thu Jun 14 20:03:12 MDT 2018
# IP Build 2256618 on Thu Jun 14 22:10:49 MDT 2018
# Start of session at: Tue Feb 19 12:12:53 2019
# Process ID: 18712
# Current directory: C:/Users/ComputerDiRoland/OneDrive/PoliMi/Terzo anno/lezioni/primo semestre/reti logiche/progetto/vhdl/reti_logiche/reti_logiche.sim/sim_1/behav/xsim
# Command line: wbtcv.exe -mode batch -source C:/Users/ComputerDiRoland/OneDrive/PoliMi/Terzo anno/lezioni/primo semestre/reti logiche/progetto/vhdl/reti_logiche/reti_logiche.sim/sim_1/behav/xsim/xsim.dir/autogen_test_bench_3_behav/webtalk/xsim_webtalk.tcl -notrace
# Log file: C:/Users/ComputerDiRoland/OneDrive/PoliMi/Terzo anno/lezioni/primo semestre/reti logiche/progetto/vhdl/reti_logiche/reti_logiche.sim/sim_1/behav/xsim/webtalk.log
# Journal file: C:/Users/ComputerDiRoland/OneDrive/PoliMi/Terzo anno/lezioni/primo semestre/reti logiche/progetto/vhdl/reti_logiche/reti_logiche.sim/sim_1/behav/xsim\webtalk.jou
#-----------------------------------------------------------
source C:/Users/ComputerDiRoland/OneDrive/PoliMi/Terzo -notrace
